MPLINK 4.49, Linker
Linker Map File - Created Tue Nov 06 09:20:08 2018

                                 Section Info
                  Section       Type    Address   Location Size(Bytes)
                ---------  ---------  ---------  ---------  ---------
                   .org_0       code   0x000000    program   0x000000
                   .org_1       code   0x000000    program   0x000002
                   .org_2       code   0x000004    program   0x0000e8
   .config_2007_DENEY-3.O       code   0x002007    program   0x000002



                              Program Memory Usage 
                               Start         End      
                           ---------   ---------      
                            0x000000    0x000000      
                            0x000004    0x000077      
                            0x002007    0x002007      
            118 out of 8454 program addresses used, program memory utilization is 1%



                              Symbols - Sorted by Name
                     Name    Address   Location    Storage File                     
                ---------  ---------  ---------  --------- ---------                
                ANA_METOT   0x000026    program     static D:\mikroislemciler\2018GuzDonemi\3.deney\deney-3.asm
         BIRLERBSM_GOSTER   0x000015    program     static D:\mikroislemciler\2018GuzDonemi\3.deney\deney-3.asm
                  GECIKME   0x000073    program     static D:\mikroislemciler\2018GuzDonemi\3.deney\deney-3.asm
              KESME_METOT   0x000004    program     static D:\mikroislemciler\2018GuzDonemi\3.deney\deney-3.asm
                  KONTROL   0x000059    program     static D:\mikroislemciler\2018GuzDonemi\3.deney\deney-3.asm
             LOOKUP_TABLE   0x000068    program     static D:\mikroislemciler\2018GuzDonemi\3.deney\deney-3.asm
          ONLARBSM_GOSTER   0x000019    program     static D:\mikroislemciler\2018GuzDonemi\3.deney\deney-3.asm
                   TEKRAR   0x000075    program     static D:\mikroislemciler\2018GuzDonemi\3.deney\deney-3.asm



                              Symbols - Sorted by Address
                     Name    Address   Location    Storage File                     
                ---------  ---------  ---------  --------- ---------                
              KESME_METOT   0x000004    program     static D:\mikroislemciler\2018GuzDonemi\3.deney\deney-3.asm
         BIRLERBSM_GOSTER   0x000015    program     static D:\mikroislemciler\2018GuzDonemi\3.deney\deney-3.asm
          ONLARBSM_GOSTER   0x000019    program     static D:\mikroislemciler\2018GuzDonemi\3.deney\deney-3.asm
                ANA_METOT   0x000026    program     static D:\mikroislemciler\2018GuzDonemi\3.deney\deney-3.asm
                  KONTROL   0x000059    program     static D:\mikroislemciler\2018GuzDonemi\3.deney\deney-3.asm
             LOOKUP_TABLE   0x000068    program     static D:\mikroislemciler\2018GuzDonemi\3.deney\deney-3.asm
                  GECIKME   0x000073    program     static D:\mikroislemciler\2018GuzDonemi\3.deney\deney-3.asm
                   TEKRAR   0x000075    program     static D:\mikroislemciler\2018GuzDonemi\3.deney\deney-3.asm


